<?xml version="1.0" encoding="UTF-8"?>
<mappingRoot xmlns="http://www.ibm.com/2008/ccl/Mapping"
	domainID="com.ibm.msl.mapping.xml"
	domainIDExtension="zosconnect"
	targetNamespace="http://www.ibm.com/zosConnect/2.0/mapping/POST"
	version="8.0.5.0"
	xmlns:map="http://www.ibm.com/zosConnect/2.0/mapping/POST"
	jsonWrapped="false"
	 
	>

	<inlinedXMLSchema targetNamespace="http://www.ibm.com/zosConnect/2.0/mapping/JSON/input/POST"><![CDATA[

	<?xml version="1.0" encoding="UTF-8"?><xsd:schema xmlns:xsd="http://www.w3.org/2001/XMLSchema" targetNamespace="http://www.ibm.com/zosConnect/2.0/mapping/JSON/input/POST" xmlns:tns="http://www.ibm.com/zosConnect/2.0/mapping/JSON/input/POST">
  <xsd:element name="XMM701_MSG" type="tns:XMM701_MSG"/>
  <xsd:complexType name="XMM701_MSG">
    <xsd:sequence>
      <xsd:element minOccurs="0" name="XMM701_OUTPUT" type="tns:XMM701_OUTPUT"/>
    </xsd:sequence>
  </xsd:complexType>
  <xsd:complexType name="XMM701_OUTPUT">
    <xsd:sequence>
      <xsd:element minOccurs="0" name="XMM701_ERROR_CODE">
        <xsd:simpleType>
          <xsd:restriction base="xsd:integer">
            <xsd:minInclusive value="0"/>
            <xsd:maxInclusive value="99999"/>
          </xsd:restriction>
        </xsd:simpleType>
      </xsd:element>
      <xsd:element minOccurs="0" name="XMM701_ERROR_DESCR">
        <xsd:simpleType>
          <xsd:restriction base="xsd:string">
            <xsd:maxLength value="30"/>
          </xsd:restriction>
        </xsd:simpleType>
      </xsd:element>
      <xsd:element minOccurs="0" name="XMM701_CLIENT_TITLE">
        <xsd:simpleType>
          <xsd:restriction base="xsd:string">
            <xsd:maxLength value="5"/>
          </xsd:restriction>
        </xsd:simpleType>
      </xsd:element>
      <xsd:element minOccurs="0" name="XMM701_CLIENT_INITIALS">
        <xsd:simpleType>
          <xsd:restriction base="xsd:string">
            <xsd:maxLength value="5"/>
          </xsd:restriction>
        </xsd:simpleType>
      </xsd:element>
      <xsd:element minOccurs="0" name="XMM701_CLIENT_SURNAME">
        <xsd:simpleType>
          <xsd:restriction base="xsd:string">
            <xsd:maxLength value="60"/>
          </xsd:restriction>
        </xsd:simpleType>
      </xsd:element>
      <xsd:element minOccurs="0" name="XMM701_CLIENT_LANGUAGE">
        <xsd:simpleType>
          <xsd:restriction base="xsd:string">
            <xsd:maxLength value="1"/>
          </xsd:restriction>
        </xsd:simpleType>
      </xsd:element>
      <xsd:element minOccurs="0" name="XMM701_K061_LOAN_NUMBER">
        <xsd:simpleType>
          <xsd:restriction base="xsd:integer">
            <xsd:minInclusive value="0"/>
            <xsd:maxInclusive value="9999999999999999"/>
          </xsd:restriction>
        </xsd:simpleType>
      </xsd:element>
      <xsd:element minOccurs="0" name="XMM701_K081_ACCOUNT_NUMBER">
        <xsd:simpleType>
          <xsd:restriction base="xsd:integer">
            <xsd:minInclusive value="0"/>
            <xsd:maxInclusive value="9999999999999999"/>
          </xsd:restriction>
        </xsd:simpleType>
      </xsd:element>
      <xsd:element minOccurs="0" name="XMM701_DATE_OPENED">
        <xsd:simpleType>
          <xsd:restriction base="xsd:integer">
            <xsd:minInclusive value="0"/>
            <xsd:maxInclusive value="99999999"/>
          </xsd:restriction>
        </xsd:simpleType>
      </xsd:element>
      <xsd:element minOccurs="0" name="XMM701_OUTSTANDING_BALANCE">
        <xsd:simpleType>
          <xsd:restriction base="xsd:decimal">
            <xsd:minInclusive value="-9999999999999.99"/>
            <xsd:maxInclusive value="9999999999999.99"/>
            <xsd:fractionDigits value="2"/>
          </xsd:restriction>
        </xsd:simpleType>
      </xsd:element>
      <xsd:element minOccurs="0" name="XMM701_REQOPT">
        <xsd:simpleType>
          <xsd:restriction base="xsd:integer">
            <xsd:minInclusive value="0"/>
            <xsd:maxInclusive value="999"/>
          </xsd:restriction>
        </xsd:simpleType>
      </xsd:element>
      <xsd:element minOccurs="0" name="XMM701_TERMDATE">
        <xsd:simpleType>
          <xsd:restriction base="xsd:integer">
            <xsd:minInclusive value="0"/>
            <xsd:maxInclusive value="99999999"/>
          </xsd:restriction>
        </xsd:simpleType>
      </xsd:element>
      <xsd:element minOccurs="0" name="XMM701_INSTAL_STATUS">
        <xsd:simpleType>
          <xsd:restriction base="xsd:decimal">
            <xsd:minInclusive value="-9999999999999.99"/>
            <xsd:maxInclusive value="9999999999999.99"/>
            <xsd:fractionDigits value="2"/>
          </xsd:restriction>
        </xsd:simpleType>
      </xsd:element>
      <xsd:element minOccurs="0" name="XMM701_EFF_ACCT_RATE">
        <xsd:simpleType>
          <xsd:restriction base="xsd:decimal">
            <xsd:minInclusive value="-999.9999"/>
            <xsd:maxInclusive value="999.9999"/>
            <xsd:fractionDigits value="4"/>
          </xsd:restriction>
        </xsd:simpleType>
      </xsd:element>
      <xsd:element minOccurs="0" name="XMM701_COMMITMENT_GROSS">
        <xsd:simpleType>
          <xsd:restriction base="xsd:decimal">
            <xsd:minInclusive value="-9999999999999.99"/>
            <xsd:maxInclusive value="9999999999999.99"/>
            <xsd:fractionDigits value="2"/>
          </xsd:restriction>
        </xsd:simpleType>
      </xsd:element>
      <xsd:element minOccurs="0" name="XMM701_OLD_ACCOUNT_NO">
        <xsd:simpleType>
          <xsd:restriction base="xsd:integer">
            <xsd:minInclusive value="0"/>
            <xsd:maxInclusive value="9999999999999999"/>
          </xsd:restriction>
        </xsd:simpleType>
      </xsd:element>
      <xsd:element minOccurs="0" name="XMM701_OLD_ACCOUNT_PROD">
        <xsd:simpleType>
          <xsd:restriction base="xsd:string">
            <xsd:maxLength value="5"/>
          </xsd:restriction>
        </xsd:simpleType>
      </xsd:element>
      <xsd:element minOccurs="0" name="XMM701_NOMINATED_ACC_IND">
        <xsd:simpleType>
          <xsd:restriction base="xsd:string">
            <xsd:maxLength value="1"/>
          </xsd:restriction>
        </xsd:simpleType>
      </xsd:element>
      <xsd:element minOccurs="0" name="XMM701_ORIG_COMM_DATE">
        <xsd:simpleType>
          <xsd:restriction base="xsd:integer">
            <xsd:minInclusive value="0"/>
            <xsd:maxInclusive value="99999999"/>
          </xsd:restriction>
        </xsd:simpleType>
      </xsd:element>
      <xsd:element minOccurs="0" name="XMM701_NEW_COMM_DATE">
        <xsd:simpleType>
          <xsd:restriction base="xsd:integer">
            <xsd:minInclusive value="0"/>
            <xsd:maxInclusive value="99999999"/>
          </xsd:restriction>
        </xsd:simpleType>
      </xsd:element>
      <xsd:element minOccurs="0" name="XMM701_RETENTION_AMOUNT">
        <xsd:simpleType>
          <xsd:restriction base="xsd:decimal">
            <xsd:minInclusive value="-9999999999999.99"/>
            <xsd:maxInclusive value="9999999999999.99"/>
            <xsd:fractionDigits value="2"/>
          </xsd:restriction>
        </xsd:simpleType>
      </xsd:element>
      <xsd:element minOccurs="0" name="XMM701_INTEREST_LIMIT">
        <xsd:simpleType>
          <xsd:restriction base="xsd:decimal">
            <xsd:minInclusive value="-9999999999999.99"/>
            <xsd:maxInclusive value="9999999999999.99"/>
            <xsd:fractionDigits value="2"/>
          </xsd:restriction>
        </xsd:simpleType>
      </xsd:element>
      <xsd:element minOccurs="0" name="XMM701_PERF_GUARANTEE">
        <xsd:simpleType>
          <xsd:restriction base="xsd:decimal">
            <xsd:minInclusive value="-9999999999999.99"/>
            <xsd:maxInclusive value="9999999999999.99"/>
            <xsd:fractionDigits value="2"/>
          </xsd:restriction>
        </xsd:simpleType>
      </xsd:element>
      <xsd:element minOccurs="0" name="XMM701_FEE_PROVISION">
        <xsd:simpleType>
          <xsd:restriction base="xsd:decimal">
            <xsd:minInclusive value="-9999999999999.99"/>
            <xsd:maxInclusive value="9999999999999.99"/>
            <xsd:fractionDigits value="2"/>
          </xsd:restriction>
        </xsd:simpleType>
      </xsd:element>
      <xsd:element minOccurs="0" name="XMM701_DEBIT_ORDER_IND">
        <xsd:simpleType>
          <xsd:restriction base="xsd:string">
            <xsd:maxLength value="1"/>
          </xsd:restriction>
        </xsd:simpleType>
      </xsd:element>
      <xsd:element minOccurs="0" name="XMM701_ORIGINAL_TERM">
        <xsd:simpleType>
          <xsd:restriction base="xsd:integer">
            <xsd:minInclusive value="0"/>
            <xsd:maxInclusive value="999"/>
          </xsd:restriction>
        </xsd:simpleType>
      </xsd:element>
      <xsd:element minOccurs="0" name="XMM701_ORIG_START_AMOUNT">
        <xsd:simpleType>
          <xsd:restriction base="xsd:integer">
            <xsd:minInclusive value="0"/>
            <xsd:maxInclusive value="9999999999999999"/>
          </xsd:restriction>
        </xsd:simpleType>
      </xsd:element>
      <xsd:element minOccurs="0" name="XMM701_NEXT_PAYMENT_DATE">
        <xsd:simpleType>
          <xsd:restriction base="xsd:integer">
            <xsd:minInclusive value="0"/>
            <xsd:maxInclusive value="99999999"/>
          </xsd:restriction>
        </xsd:simpleType>
      </xsd:element>
      <xsd:element minOccurs="0" name="XMM701_CONVERT_IND">
        <xsd:simpleType>
          <xsd:restriction base="xsd:string">
            <xsd:maxLength value="1"/>
          </xsd:restriction>
        </xsd:simpleType>
      </xsd:element>
      <xsd:element minOccurs="0" name="XMM701_REPAYMENT_AMOUNT">
        <xsd:simpleType>
          <xsd:restriction base="xsd:decimal">
            <xsd:minInclusive value="-9999999999999.99"/>
            <xsd:maxInclusive value="9999999999999.99"/>
            <xsd:fractionDigits value="2"/>
          </xsd:restriction>
        </xsd:simpleType>
      </xsd:element>
      <xsd:element minOccurs="0" name="XMM1WS_REPAYMENT_FREQ">
        <xsd:simpleType>
          <xsd:restriction base="xsd:integer">
            <xsd:minInclusive value="0"/>
            <xsd:maxInclusive value="99999"/>
          </xsd:restriction>
        </xsd:simpleType>
      </xsd:element>
      <xsd:element minOccurs="0" name="XMM701_REM_TERM_YYY">
        <xsd:simpleType>
          <xsd:restriction base="xsd:integer">
            <xsd:minInclusive value="0"/>
            <xsd:maxInclusive value="999"/>
          </xsd:restriction>
        </xsd:simpleType>
      </xsd:element>
      <xsd:element minOccurs="0" name="XMM701_REM_TERM_MMM">
        <xsd:simpleType>
          <xsd:restriction base="xsd:integer">
            <xsd:minInclusive value="0"/>
            <xsd:maxInclusive value="999"/>
          </xsd:restriction>
        </xsd:simpleType>
      </xsd:element>
      <xsd:element minOccurs="0" name="XMM701_RATE_TYPE">
        <xsd:simpleType>
          <xsd:restriction base="xsd:string">
            <xsd:maxLength value="5"/>
          </xsd:restriction>
        </xsd:simpleType>
      </xsd:element>
      <xsd:element minOccurs="0" name="XMM701_JIBAR_TERM">
        <xsd:simpleType>
          <xsd:restriction base="xsd:integer">
            <xsd:minInclusive value="0"/>
            <xsd:maxInclusive value="999"/>
          </xsd:restriction>
        </xsd:simpleType>
      </xsd:element>
      <xsd:element minOccurs="0" name="XMM701_ACCOUNT_NAME">
        <xsd:simpleType>
          <xsd:restriction base="xsd:string">
            <xsd:maxLength value="20"/>
          </xsd:restriction>
        </xsd:simpleType>
      </xsd:element>
      <xsd:element minOccurs="0" name="XMM701_DATE_SETTLE_NOTICE">
        <xsd:simpleType>
          <xsd:restriction base="xsd:integer">
            <xsd:minInclusive value="0"/>
            <xsd:maxInclusive value="99999999"/>
          </xsd:restriction>
        </xsd:simpleType>
      </xsd:element>
      <xsd:element minOccurs="0" name="XMM701_SETTLE_OTHER_ACC">
        <xsd:simpleType>
          <xsd:restriction base="xsd:decimal">
            <xsd:minInclusive value="-9999999999999.99"/>
            <xsd:maxInclusive value="9999999999999.99"/>
            <xsd:fractionDigits value="2"/>
          </xsd:restriction>
        </xsd:simpleType>
      </xsd:element>
      <xsd:element minOccurs="0" name="XMM701_OCS_DELINQ_IND">
        <xsd:simpleType>
          <xsd:restriction base="xsd:string">
            <xsd:maxLength value="1"/>
          </xsd:restriction>
        </xsd:simpleType>
      </xsd:element>
      <xsd:element minOccurs="0" name="XMM701_OCS_RISK_CODE">
        <xsd:simpleType>
          <xsd:restriction base="xsd:string">
            <xsd:maxLength value="3"/>
          </xsd:restriction>
        </xsd:simpleType>
      </xsd:element>
      <xsd:element minOccurs="0" name="XMM701_OCS_RISK_DATE">
        <xsd:simpleType>
          <xsd:restriction base="xsd:integer">
            <xsd:minInclusive value="0"/>
            <xsd:maxInclusive value="99999999"/>
          </xsd:restriction>
        </xsd:simpleType>
      </xsd:element>
      <xsd:element minOccurs="0" name="XMM701_OCS_DAYS_DELINQ">
        <xsd:simpleType>
          <xsd:restriction base="xsd:integer">
            <xsd:minInclusive value="0"/>
            <xsd:maxInclusive value="999"/>
          </xsd:restriction>
        </xsd:simpleType>
      </xsd:element>
      <xsd:element minOccurs="0" name="XMM701_FLEXI_OPTION">
        <xsd:simpleType>
          <xsd:restriction base="xsd:string">
            <xsd:maxLength value="5"/>
          </xsd:restriction>
        </xsd:simpleType>
      </xsd:element>
      <xsd:element minOccurs="0" name="XMM701_FLEXI_FEE_IND">
        <xsd:simpleType>
          <xsd:restriction base="xsd:string">
            <xsd:maxLength value="1"/>
          </xsd:restriction>
        </xsd:simpleType>
      </xsd:element>
      <xsd:element minOccurs="0" name="XMM701_FLEXI_FEE_CONS">
        <xsd:simpleType>
          <xsd:restriction base="xsd:decimal">
            <xsd:minInclusive value="0"/>
            <xsd:maxInclusive value="999.9999"/>
            <xsd:fractionDigits value="4"/>
          </xsd:restriction>
        </xsd:simpleType>
      </xsd:element>
      <xsd:element minOccurs="0" name="XMM701_DEBIT_ORDER_TP_DESC">
        <xsd:simpleType>
          <xsd:restriction base="xsd:string">
            <xsd:maxLength value="5"/>
          </xsd:restriction>
        </xsd:simpleType>
      </xsd:element>
      <xsd:element minOccurs="0" name="XMM701_FIXED_DO_AMOUNT">
        <xsd:simpleType>
          <xsd:restriction base="xsd:decimal">
            <xsd:minInclusive value="0"/>
            <xsd:maxInclusive value="9999999999999.99"/>
            <xsd:fractionDigits value="2"/>
          </xsd:restriction>
        </xsd:simpleType>
      </xsd:element>
      <xsd:element minOccurs="0" name="XMM701_DEBIT_ORDER_DESC">
        <xsd:simpleType>
          <xsd:restriction base="xsd:string">
            <xsd:maxLength value="8"/>
          </xsd:restriction>
        </xsd:simpleType>
      </xsd:element>
      <xsd:element minOccurs="0" name="XMM701_ACCOUNT_TYPE_CAT">
        <xsd:simpleType>
          <xsd:restriction base="xsd:integer">
            <xsd:minInclusive value="0"/>
            <xsd:maxInclusive value="99999"/>
          </xsd:restriction>
        </xsd:simpleType>
      </xsd:element>
      <xsd:element minOccurs="0" name="XMM701_IDUP_DEFAULT_DATE">
        <xsd:simpleType>
          <xsd:restriction base="xsd:integer">
            <xsd:minInclusive value="0"/>
            <xsd:maxInclusive value="99999999"/>
          </xsd:restriction>
        </xsd:simpleType>
      </xsd:element>
      <xsd:element minOccurs="0" name="XMM701_IDUP_EXPOSURE">
        <xsd:simpleType>
          <xsd:restriction base="xsd:decimal">
            <xsd:minInclusive value="-9999999999999.99"/>
            <xsd:maxInclusive value="9999999999999.99"/>
            <xsd:fractionDigits value="2"/>
          </xsd:restriction>
        </xsd:simpleType>
      </xsd:element>
      <xsd:element minOccurs="0" name="XMM701_IDUP_COST_CREDIT">
        <xsd:simpleType>
          <xsd:restriction base="xsd:decimal">
            <xsd:minInclusive value="-9999999999999.99"/>
            <xsd:maxInclusive value="9999999999999.99"/>
            <xsd:fractionDigits value="2"/>
          </xsd:restriction>
        </xsd:simpleType>
      </xsd:element>
      <xsd:element minOccurs="0" name="XMM701_IDUP_STBLCK_IND">
        <xsd:simpleType>
          <xsd:restriction base="xsd:string">
            <xsd:maxLength value="1"/>
          </xsd:restriction>
        </xsd:simpleType>
      </xsd:element>
      <xsd:element minOccurs="0" name="XMM701_OUTST_CAP_UNPD_BAL">
        <xsd:simpleType>
          <xsd:restriction base="xsd:decimal">
            <xsd:minInclusive value="-9999999999999.99"/>
            <xsd:maxInclusive value="9999999999999.99"/>
            <xsd:fractionDigits value="2"/>
          </xsd:restriction>
        </xsd:simpleType>
      </xsd:element>
      <xsd:element minOccurs="0" name="XMM701_UNPD_INT">
        <xsd:simpleType>
          <xsd:restriction base="xsd:decimal">
            <xsd:minInclusive value="-9999999999999.99"/>
            <xsd:maxInclusive value="9999999999999.99"/>
            <xsd:fractionDigits value="2"/>
          </xsd:restriction>
        </xsd:simpleType>
      </xsd:element>
      <xsd:element minOccurs="0" name="XMM701_UNPD_CHRGS">
        <xsd:simpleType>
          <xsd:restriction base="xsd:decimal">
            <xsd:minInclusive value="-9999999999999.99"/>
            <xsd:maxInclusive value="9999999999999.99"/>
            <xsd:fractionDigits value="2"/>
          </xsd:restriction>
        </xsd:simpleType>
      </xsd:element>
      <xsd:element minOccurs="0" name="XMM701_BULLET_AMOUNT_28">
        <xsd:simpleType>
          <xsd:restriction base="xsd:decimal">
            <xsd:minInclusive value="-9999999999999.99"/>
            <xsd:maxInclusive value="9999999999999.99"/>
            <xsd:fractionDigits value="2"/>
          </xsd:restriction>
        </xsd:simpleType>
      </xsd:element>
      <xsd:element minOccurs="0" name="XMM701_DAY_COUNT_IND">
        <xsd:simpleType>
          <xsd:restriction base="xsd:string">
            <xsd:maxLength value="1"/>
          </xsd:restriction>
        </xsd:simpleType>
      </xsd:element>
      <xsd:element minOccurs="0" name="XMM701_SKIPHOLIDAY_IND">
        <xsd:simpleType>
          <xsd:restriction base="xsd:integer">
            <xsd:minInclusive value="0"/>
            <xsd:maxInclusive value="9"/>
          </xsd:restriction>
        </xsd:simpleType>
      </xsd:element>
      <xsd:element maxOccurs="10" minOccurs="10" name="XMM701_GRANTS" type="tns:XMM701_GRANTS"/>
      <xsd:element maxOccurs="10" minOccurs="10" name="XMM701_HOLDS" type="tns:XMM701_HOLDS"/>
      <xsd:element maxOccurs="10" minOccurs="10" name="XMM701_UNCLR" type="tns:XMM701_UNCLR"/>
      <xsd:element minOccurs="0" name="XMM701_DATE_8">
        <xsd:simpleType>
          <xsd:restriction base="xsd:integer">
            <xsd:minInclusive value="0"/>
            <xsd:maxInclusive value="99999999"/>
          </xsd:restriction>
        </xsd:simpleType>
      </xsd:element>
      <xsd:element minOccurs="0" name="XMM701_TIME_8">
        <xsd:simpleType>
          <xsd:restriction base="xsd:integer">
            <xsd:minInclusive value="0"/>
            <xsd:maxInclusive value="99999999"/>
          </xsd:restriction>
        </xsd:simpleType>
      </xsd:element>
      <xsd:element minOccurs="0" name="XMM701_CHANGE_FIELD">
        <xsd:simpleType>
          <xsd:restriction base="xsd:string">
            <xsd:maxLength value="50"/>
          </xsd:restriction>
        </xsd:simpleType>
      </xsd:element>
      <xsd:element minOccurs="0" name="XMM701_CHANGE_FROM">
        <xsd:simpleType>
          <xsd:restriction base="xsd:string">
            <xsd:maxLength value="50"/>
          </xsd:restriction>
        </xsd:simpleType>
      </xsd:element>
      <xsd:element minOccurs="0" name="XMM701_CHANGE_TO">
        <xsd:simpleType>
          <xsd:restriction base="xsd:string">
            <xsd:maxLength value="50"/>
          </xsd:restriction>
        </xsd:simpleType>
      </xsd:element>
      <xsd:element minOccurs="0" name="XMM701_TRAN_FUNC">
        <xsd:simpleType>
          <xsd:restriction base="xsd:string">
            <xsd:maxLength value="9"/>
          </xsd:restriction>
        </xsd:simpleType>
      </xsd:element>
      <xsd:element minOccurs="0" name="XMM701_BY_7">
        <xsd:simpleType>
          <xsd:restriction base="xsd:integer">
            <xsd:minInclusive value="0"/>
            <xsd:maxInclusive value="9999999"/>
          </xsd:restriction>
        </xsd:simpleType>
      </xsd:element>
      <xsd:element minOccurs="0" name="XMM701_OVERRIDE_BY">
        <xsd:simpleType>
          <xsd:restriction base="xsd:integer">
            <xsd:minInclusive value="0"/>
            <xsd:maxInclusive value="999999999"/>
          </xsd:restriction>
        </xsd:simpleType>
      </xsd:element>
    </xsd:sequence>
  </xsd:complexType>
  <xsd:complexType name="XMM701_GRANTS">
    <xsd:sequence>
      <xsd:element minOccurs="0" name="XMM701_DATE_LOAN_GRANTED">
        <xsd:simpleType>
          <xsd:restriction base="xsd:integer">
            <xsd:minInclusive value="0"/>
            <xsd:maxInclusive value="99999999"/>
          </xsd:restriction>
        </xsd:simpleType>
      </xsd:element>
      <xsd:element minOccurs="0" name="XMM701_LOAN_AMOUNT">
        <xsd:simpleType>
          <xsd:restriction base="xsd:integer">
            <xsd:minInclusive value="-9999999999999999"/>
            <xsd:maxInclusive value="9999999999999999"/>
          </xsd:restriction>
        </xsd:simpleType>
      </xsd:element>
      <xsd:element minOccurs="0" name="XMM701_TOT_LOAN_GRANTED">
        <xsd:simpleType>
          <xsd:restriction base="xsd:integer">
            <xsd:minInclusive value="0"/>
            <xsd:maxInclusive value="9999999999999999"/>
          </xsd:restriction>
        </xsd:simpleType>
      </xsd:element>
      <xsd:element minOccurs="0" name="XMM701_LOAN_TYPE">
        <xsd:simpleType>
          <xsd:restriction base="xsd:string">
            <xsd:maxLength value="5"/>
          </xsd:restriction>
        </xsd:simpleType>
      </xsd:element>
      <xsd:element minOccurs="0" name="XMM701_APPROV_MANDATE">
        <xsd:simpleType>
          <xsd:restriction base="xsd:integer">
            <xsd:minInclusive value="0"/>
            <xsd:maxInclusive value="9999999"/>
          </xsd:restriction>
        </xsd:simpleType>
      </xsd:element>
      <xsd:element minOccurs="0" name="XMM701_ORIG_GRANT1">
        <xsd:simpleType>
          <xsd:restriction base="xsd:integer">
            <xsd:minInclusive value="0"/>
            <xsd:maxInclusive value="9999999999999999"/>
          </xsd:restriction>
        </xsd:simpleType>
      </xsd:element>
    </xsd:sequence>
  </xsd:complexType>
  <xsd:complexType name="XMM701_HOLDS">
    <xsd:sequence>
      <xsd:element minOccurs="0" name="XMM701_HOLDS_CODE">
        <xsd:simpleType>
          <xsd:restriction base="xsd:integer">
            <xsd:minInclusive value="0"/>
            <xsd:maxInclusive value="99999"/>
          </xsd:restriction>
        </xsd:simpleType>
      </xsd:element>
      <xsd:element minOccurs="0" name="XMM701_HOLDS_DATE">
        <xsd:simpleType>
          <xsd:restriction base="xsd:integer">
            <xsd:minInclusive value="0"/>
            <xsd:maxInclusive value="99999999"/>
          </xsd:restriction>
        </xsd:simpleType>
      </xsd:element>
    </xsd:sequence>
  </xsd:complexType>
  <xsd:complexType name="XMM701_UNCLR">
    <xsd:sequence>
      <xsd:element minOccurs="0" name="XMM701_DATE_PROCESSED">
        <xsd:simpleType>
          <xsd:restriction base="xsd:integer">
            <xsd:minInclusive value="0"/>
            <xsd:maxInclusive value="99999999"/>
          </xsd:restriction>
        </xsd:simpleType>
      </xsd:element>
      <xsd:element minOccurs="0" name="XMM701_EVENT_NUMBER">
        <xsd:simpleType>
          <xsd:restriction base="xsd:integer">
            <xsd:minInclusive value="0"/>
            <xsd:maxInclusive value="999999999"/>
          </xsd:restriction>
        </xsd:simpleType>
      </xsd:element>
      <xsd:element minOccurs="0" name="XMM701_TRANS_AMOUNT">
        <xsd:simpleType>
          <xsd:restriction base="xsd:decimal">
            <xsd:minInclusive value="-9999999999999.99"/>
            <xsd:maxInclusive value="9999999999999.99"/>
            <xsd:fractionDigits value="2"/>
          </xsd:restriction>
        </xsd:simpleType>
      </xsd:element>
      <xsd:element minOccurs="0" name="XMM701_CLEARANCE_DAYS">
        <xsd:simpleType>
          <xsd:restriction base="xsd:integer">
            <xsd:minInclusive value="-9999999"/>
            <xsd:maxInclusive value="9999999"/>
          </xsd:restriction>
        </xsd:simpleType>
      </xsd:element>
      <xsd:element minOccurs="0" name="XMM701_DATE_CLEARED">
        <xsd:simpleType>
          <xsd:restriction base="xsd:integer">
            <xsd:minInclusive value="0"/>
            <xsd:maxInclusive value="99999999"/>
          </xsd:restriction>
        </xsd:simpleType>
      </xsd:element>
    </xsd:sequence>
  </xsd:complexType>
</xsd:schema>

	]]></inlinedXMLSchema>

	<inlinedXMLSchema targetNamespace="http://www.ibm.com/zosConnect/2.0/mapping/HTTP/output/POST"><![CDATA[

    <?xml version="1.0" encoding="UTF-8"?>
    <xsd:schema xmlns:xsd="http://www.w3.org/2001/XMLSchema"
      targetNamespace="http://www.ibm.com/zosConnect/2.0/mapping/HTTP/output/POST"
      xmlns:body="http://www.ibm.com/zosConnect/2.0/mapping/JSON/input/POST"
      xmlns:tns="http://www.ibm.com/zosConnect/2.0/mapping/HTTP/output/POST">

      <xsd:import namespace="http://www.ibm.com/zosConnect/2.0/mapping/JSON/input/POST" schemaLocation="../schema_0.xsd"/>

      <xsd:element name="HTTPResponse" type="tns:HTTPResponseType"/>

      <xsd:complexType name="HTTPResponseType">
        <xsd:sequence>
          <xsd:element name="Headers" type="tns:HeadersType"/>
          <xsd:element name="Body" type="tns:BodyType"/>
        </xsd:sequence>
      </xsd:complexType>

      <xsd:complexType name="HeadersType">
        <xsd:sequence>
        </xsd:sequence>
      </xsd:complexType>

      <xsd:complexType name="BodyType">
        <xsd:sequence>
          <xsd:element ref="body:XMM701_MSG"/>
        </xsd:sequence>
      </xsd:complexType>
    </xsd:schema>

	]]></inlinedXMLSchema>

    <input inlinedXMLSchema="true" path="../schema_0.xsd" targetNamespace="http://www.ibm.com/zosConnect/2.0/mapping/JSON/input/POST" var="rootInput"/>
    <output inlinedXMLSchema="true" path="../schema_1.xsd" targetNamespace="http://www.ibm.com/zosConnect/2.0/mapping/HTTP/output/POST" var="rootOutput"/>
    <namespaces>
        <namespace kind="supplement" prefix="in" uri="http://www.ibm.com/zosConnect/2.0/mapping/JSON/input/POST"/>
        <namespace kind="supplement" prefix="out" uri="http://www.ibm.com/zosConnect/2.0/mapping/HTTP/output/POST"/>
    </namespaces>
    <mappingDeclaration name="POST.jabuapi">
        <input namespace="http://www.ibm.com/zosConnect/2.0/mapping/JSON/input/POST" path="$rootInput/XMM701_MSG"/>
        <output namespace="http://www.ibm.com/zosConnect/2.0/mapping/HTTP/output/POST" path="$rootOutput/HTTPResponse"/>
        <passthrough>
            <input path="."/>
            <output path="Body/XMM701_MSG"/>
            <updates>
            </updates>
        </passthrough>
    </mappingDeclaration>

</mappingRoot>
